package org.jusecase.builders.generator.usecases;

import org.jusecase.builders.Builder;

@javax.annotation.Generated(value="jusecase-builders-generator")
public interface DummyUsecaseRequestBuilderMethods<T extends DummyUsecase.Request, B extends Builder> extends Builder<T> {
    @Override
    default T build() {
        return getEntity();
    }

    T getEntity();

    default B withDummyEmail(String value) {
        getEntity().dummyEmail = value;
        return (B)this;
    }

    default B withDummyPassword(String value) {
        getEntity().dummyPassword = value;
        return (B)this;
    }
}
