package org.jusecase.builders.generator.oddities;

import org.jusecase.builders.Builder;

@javax.annotation.Generated(value="jusecase-builders-generator")
public interface EntityWithDatesBuilderMethods<T extends EntityWithDates, B extends Builder> extends Builder<T> {
    @Override
    default T build() {
        return getEntity();
    }

    T getEntity();

    default B withDate(java.util.Date value) {
        getEntity().date = value;
        return (B)this;
    }

    default B withDate(String value) {
        getEntity().date = org.jusecase.Builders.a(org.jusecase.Builders.date(value));
        return (B)this;
    }
}
