package org.jusecase.builders.generator.oddities;

import org.jusecase.builders.Builder;

@javax.annotation.Generated(value="jusecase-builders-generator")
public interface EntityWithTypedArrayBuilderMethods<T extends EntityWithTypedArray, B extends Builder> extends Builder<T> {
    @Override
    default T build() {
        return getEntity();
    }

    T getEntity();

    default B withEnums(org.jusecase.builders.generator.oddities.EntityWithNestedEnum.NestedEnum ... value) {
        getEntity().enums = value;
        return (B)this;
    }
}
