package org.jusecase.builders.generator.oddities;

import org.jusecase.builders.Builder;

@javax.annotation.Generated(value="jusecase-builders-generator")
public interface EntityWithNestedArrayBuilderMethods<T extends EntityWithNestedArray, B extends Builder> extends Builder<T> {
    @Override
    default T build() {
        return getEntity();
    }

    T getEntity();

    default B withValues(String[] ... value) {
        getEntity().setValues(value);
        return (B)this;
    }
}
