package org.jusecase.builders.generator.entities;

import org.jusecase.builders.Builder;

@javax.annotation.Generated(value="jusecase-builders-generator")
public interface EntityWithNestedEnumBuilderMethods<T extends EntityWithNestedEnum, B extends Builder> extends Builder<T> {
    @Override
    default T build() {
        return getEntity();
    }

    T getEntity();

    default B withValue(org.jusecase.builders.generator.entities.EntityWithNestedEnum.NestedEnum value) {
        getEntity().setValue(value);
        return (B)this;
    }
}
