package org.jusecase.builders.generator.oddities;

import org.jusecase.builders.Builder;

@javax.annotation.Generated(value="jusecase-builders-generator")
public interface EntityWithOverloadedMethodsBuilderMethods<T extends EntityWithOverloadedMethods, B extends Builder> extends Builder<T> {
    @Override
    default T build() {
        return getEntity();
    }

    T getEntity();

    default B withValue(double value) {
        getEntity().setValue(value);
        return (B)this;
    }

    default B withValue(float value) {
        getEntity().setValue(value);
        return (B)this;
    }

    default B withValue(int value) {
        getEntity().setValue(value);
        return (B)this;
    }

    default B withValue(String value) {
        getEntity().setValue(value);
        return (B)this;
    }
}
