package org.jusecase.builders.generator.oddities;

import org.jusecase.builders.Builder;

@javax.annotation.Generated(value="jusecase-builders-generator")
public interface EntityWithPrimitiveArraysBuilderMethods<T extends EntityWithPrimitiveArrays, B extends Builder> extends Builder<T> {
    @Override
    default T build() {
        return getEntity();
    }

    T getEntity();

    default B withIntegers(int ... value) {
        getEntity().integers = value;
        return (B)this;
    }
}
