package org.jusecase.builders.generator.oddities;

import org.jusecase.builders.Builder;

@javax.annotation.Generated(value="jusecase-builders-generator")
public interface EntityWithTypedListBuilderMethods<T extends EntityWithTypedList, B extends Builder> extends Builder<T> {
    @Override
    default T build() {
        return getEntity();
    }

    T getEntity();

    default B withValues(java.util.List<Integer> value) {
        getEntity().values = value;
        return (B)this;
    }
}
